Archive member included because of file (symbol)

c:/winavr/bin/../lib/gcc/avr/4.1.1/avr5\libgcc.a(_udivmodqi4.o)
                              uart.o (__udivmodqi4)
c:/winavr/bin/../lib/gcc/avr/4.1.1/avr5\libgcc.a(_clear_bss.o)
                              uart.o (__do_clear_bss)

Discarded input sections

 .stabstr       0x00000000        0x0 c:/winavr/bin/../lib/gcc/avr/4.1.1/../../../../avr/lib/avr5/crtm128.o

Memory Configuration

Name             Origin             Length             Attributes
text             0x00000000         0x00020000         xr
data             0x00800060         0x0000ffa0         rw !x
eeprom           0x00810000         0x00010000         rw !x
*default*        0x00000000         0xffffffff

Linker script and memory map

Address of section .data set to 0x800100
LOAD c:/winavr/bin/../lib/gcc/avr/4.1.1/../../../../avr/lib/avr5/crtm128.o
LOAD uart.o
LOAD c:/winavr/bin/../lib/gcc/avr/4.1.1/../../../../avr/lib/avr5\libm.a
LOAD c:/winavr/bin/../lib/gcc/avr/4.1.1/avr5\libgcc.a
LOAD c:/winavr/bin/../lib/gcc/avr/4.1.1/../../../../avr/lib/avr5\libc.a
LOAD c:/winavr/bin/../lib/gcc/avr/4.1.1/avr5\libgcc.a

.hash
 *(.hash)

.dynsym
 *(.dynsym)

.dynstr
 *(.dynstr)

.gnu.version
 *(.gnu.version)

.gnu.version_d
 *(.gnu.version_d)

.gnu.version_r
 *(.gnu.version_r)

.rel.init
 *(.rel.init)

.rela.init
 *(.rela.init)

.rel.text
 *(.rel.text)
 *(.rel.text.*)
 *(.rel.gnu.linkonce.t*)

.rela.text
 *(.rela.text)
 *(.rela.text.*)
 *(.rela.gnu.linkonce.t*)

.rel.fini
 *(.rel.fini)

.rela.fini
 *(.rela.fini)

.rel.rodata
 *(.rel.rodata)
 *(.rel.rodata.*)
 *(.rel.gnu.linkonce.r*)

.rela.rodata
 *(.rela.rodata)
 *(.rela.rodata.*)
 *(.rela.gnu.linkonce.r*)

.rel.data
 *(.rel.data)
 *(.rel.data.*)
 *(.rel.gnu.linkonce.d*)

.rela.data
 *(.rela.data)
 *(.rela.data.*)
 *(.rela.gnu.linkonce.d*)

.rel.ctors
 *(.rel.ctors)

.rela.ctors
 *(.rela.ctors)

.rel.dtors
 *(.rel.dtors)

.rela.dtors
 *(.rela.dtors)

.rel.got
 *(.rel.got)

.rela.got
 *(.rela.got)

.rel.bss
 *(.rel.bss)

.rela.bss
 *(.rela.bss)

.rel.plt
 *(.rel.plt)

.rela.plt
 *(.rela.plt)

.text           0x00000000      0x11c
 *(.vectors)
 .vectors       0x00000000       0x8c c:/winavr/bin/../lib/gcc/avr/4.1.1/../../../../avr/lib/avr5/crtm128.o
                0x00000000                __vectors
                0x00000000                __vector_default
 *(.vectors)
 *(.progmem.gcc*)
 *(.progmem*)
                0x0000008c                . = ALIGN (0x2)
                0x0000008c                __trampolines_start = .
 *(.trampolines)
 .trampolines   0x0000008c        0x0 linker stubs
 *(.trampolines*)
                0x0000008c                __trampolines_end = .
 *(.jumptables)
 *(.jumptables*)
 *(.lowtext)
 *(.lowtext*)
                0x0000008c                __ctors_start = .
 *(.ctors)
                0x0000008c                __ctors_end = .
                0x0000008c                __dtors_start = .
 *(.dtors)
                0x0000008c                __dtors_end = .
 SORT(*)(.ctors)
 SORT(*)(.dtors)
 *(.init0)
 .init0         0x0000008c        0x0 c:/winavr/bin/../lib/gcc/avr/4.1.1/../../../../avr/lib/avr5/crtm128.o
                0x0000008c                __init
 *(.init0)
 *(.init1)
 *(.init1)
 *(.init2)
 .init2         0x0000008c        0xc c:/winavr/bin/../lib/gcc/avr/4.1.1/../../../../avr/lib/avr5/crtm128.o
 *(.init2)
 *(.init3)
 *(.init3)
 *(.init4)
 .init4         0x00000098       0x1a c:/winavr/bin/../lib/gcc/avr/4.1.1/../../../../avr/lib/avr5/crtm128.o
                0x00000098                __do_copy_data
 .init4         0x000000b2       0x10 c:/winavr/bin/../lib/gcc/avr/4.1.1/avr5\libgcc.a(_clear_bss.o)
                0x000000b2                __do_clear_bss
 *(.init4)
 *(.init5)
 *(.init5)
 *(.init6)
 *(.init6)
 *(.init7)
 *(.init7)
 *(.init8)
 *(.init8)
 *(.init9)
 .init9         0x000000c2        0x4 c:/winavr/bin/../lib/gcc/avr/4.1.1/../../../../avr/lib/avr5/crtm128.o
 *(.init9)
 *(.text)
 .text          0x000000c6        0x4 c:/winavr/bin/../lib/gcc/avr/4.1.1/../../../../avr/lib/avr5/crtm128.o
                0x000000c6                __vector_22
                0x000000c6                __vector_28
                0x000000c6                __vector_1
                0x000000c6                __vector_32
                0x000000c6                __vector_34
                0x000000c6                __vector_24
                0x000000c6                __vector_12
                0x000000c6                __bad_interrupt
                0x000000c6                __vector_6
                0x000000c6                __vector_31
                0x000000c6                __vector_3
                0x000000c6                __vector_23
                0x000000c6                __vector_30
                0x000000c6                __vector_25
                0x000000c6                __vector_11
                0x000000c6                __vector_13
                0x000000c6                __vector_17
                0x000000c6                __vector_19
                0x000000c6                __vector_7
                0x000000c6                __vector_27
                0x000000c6                __vector_5
                0x000000c6                __vector_33
                0x000000c6                __vector_4
                0x000000c6                __vector_9
                0x000000c6                __vector_2
                0x000000c6                __vector_21
                0x000000c6                __vector_15
                0x000000c6                __vector_29
                0x000000c6                __vector_8
                0x000000c6                __vector_26
                0x000000c6                __vector_14
                0x000000c6                __vector_10
                0x000000c6                __vector_16
                0x000000c6                __vector_18
                0x000000c6                __vector_20
 .text          0x000000ca       0x3a uart.o
                0x000000ca                main
 .text          0x00000104        0x0 c:/winavr/bin/../lib/gcc/avr/4.1.1/avr5\libgcc.a(_udivmodqi4.o)
 .text          0x00000104        0x0 c:/winavr/bin/../lib/gcc/avr/4.1.1/avr5\libgcc.a(_clear_bss.o)
                0x00000104                . = ALIGN (0x2)
 *(.text.*)
 .text.libgcc   0x00000104       0x18 c:/winavr/bin/../lib/gcc/avr/4.1.1/avr5\libgcc.a(_udivmodqi4.o)
                0x00000104                __udivmodqi4
 .text.libgcc   0x0000011c        0x0 c:/winavr/bin/../lib/gcc/avr/4.1.1/avr5\libgcc.a(_clear_bss.o)
                0x0000011c                . = ALIGN (0x2)
 *(.fini9)
 *(.fini9)
 *(.fini8)
 *(.fini8)
 *(.fini7)
 *(.fini7)
 *(.fini6)
 *(.fini6)
 *(.fini5)
 *(.fini5)
 *(.fini4)
 *(.fini4)
 *(.fini3)
 *(.fini3)
 *(.fini2)
 *(.fini2)
 *(.fini1)
 *(.fini1)
 *(.fini0)
 *(.fini0)
                0x0000011c                _etext = .

.data           0x00800100        0x0 load address 0x0000011c
                0x00800100                PROVIDE (__data_start, .)
 *(.data)
 .data          0x00800100        0x0 c:/winavr/bin/../lib/gcc/avr/4.1.1/../../../../avr/lib/avr5/crtm128.o
 .data          0x00800100        0x0 uart.o
 .data          0x00800100        0x0 c:/winavr/bin/../lib/gcc/avr/4.1.1/avr5\libgcc.a(_udivmodqi4.o)
 .data          0x00800100        0x0 c:/winavr/bin/../lib/gcc/avr/4.1.1/avr5\libgcc.a(_clear_bss.o)
 *(.data*)
 *(.rodata)
 *(.rodata*)
 *(.gnu.linkonce.d*)
                0x00800100                . = ALIGN (0x2)
                0x00800100                _edata = .
                0x00800100                PROVIDE (__data_end, .)

.bss            0x00800100        0x0
                0x00800100                PROVIDE (__bss_start, .)
 *(.bss)
 .bss           0x00800100        0x0 c:/winavr/bin/../lib/gcc/avr/4.1.1/../../../../avr/lib/avr5/crtm128.o
 .bss           0x00800100        0x0 uart.o
 .bss           0x00800100        0x0 c:/winavr/bin/../lib/gcc/avr/4.1.1/avr5\libgcc.a(_udivmodqi4.o)
 .bss           0x00800100        0x0 c:/winavr/bin/../lib/gcc/avr/4.1.1/avr5\libgcc.a(_clear_bss.o)
 *(.bss*)
 *(COMMON)
                0x00800100                PROVIDE (__bss_end, .)
                0x0000011c                __data_load_start = LOADADDR (.data)
                0x0000011c                __data_load_end = (__data_load_start + SIZEOF (.data))

.noinit         0x00800100        0x0
                0x00800100                PROVIDE (__noinit_start, .)
 *(.noinit*)
                0x00800100                PROVIDE (__noinit_end, .)
                0x00800100                _end = .
                0x00800100                PROVIDE (__heap_start, .)

.eeprom         0x00810000        0x0
 *(.eeprom*)
                0x00810000                __eeprom_end = .

.stab           0x00000000      0x408
 *(.stab)
 .stab          0x00000000      0x408 c:/winavr/bin/../lib/gcc/avr/4.1.1/../../../../avr/lib/avr5/crtm128.o

.stabstr        0x00000000       0x84
 *(.stabstr)
 .stabstr       0x00000000       0x84 c:/winavr/bin/../lib/gcc/avr/4.1.1/../../../../avr/lib/avr5/crtm128.o

.stab.excl
 *(.stab.excl)

.stab.exclstr
 *(.stab.exclstr)

.stab.index
 *(.stab.index)

.stab.indexstr
 *(.stab.indexstr)

.comment
 *(.comment)

.debug
 *(.debug)

.line
 *(.line)

.debug_srcinfo
 *(.debug_srcinfo)

.debug_sfnames
 *(.debug_sfnames)

.debug_aranges  0x00000000       0x20
 *(.debug_aranges)
 .debug_aranges
                0x00000000       0x20 uart.o

.debug_pubnames
                0x00000000       0x1b
 *(.debug_pubnames)
 .debug_pubnames
                0x00000000       0x1b uart.o

.debug_info     0x00000000      0x12f
 *(.debug_info)
 .debug_info    0x00000000      0x12f uart.o
 *(.gnu.linkonce.wi.*)

.debug_abbrev   0x00000000       0xba
 *(.debug_abbrev)
 .debug_abbrev  0x00000000       0xba uart.o

.debug_line     0x00000000       0xde
 *(.debug_line)
 .debug_line    0x00000000       0xde uart.o

.debug_frame    0x00000000       0x20
 *(.debug_frame)
 .debug_frame   0x00000000       0x20 uart.o

.debug_str      0x00000000       0xda
 *(.debug_str)
 .debug_str     0x00000000       0xda uart.o
                                0x10e (size before relaxing)

.debug_loc      0x00000000       0x28
 *(.debug_loc)
 .debug_loc     0x00000000       0x28 uart.o

.debug_macinfo
 *(.debug_macinfo)
OUTPUT(uart.elf elf32-avr)
LOAD linker stubs

Cross Reference Table

Symbol                                            File
__bad_interrupt                                   c:/winavr/bin/../lib/gcc/avr/4.1.1/../../../../avr/lib/avr5/crtm128.o
__bss_end                                         c:/winavr/bin/../lib/gcc/avr/4.1.1/avr5\libgcc.a(_clear_bss.o)
__bss_start                                       c:/winavr/bin/../lib/gcc/avr/4.1.1/avr5\libgcc.a(_clear_bss.o)
__data_end                                        c:/winavr/bin/../lib/gcc/avr/4.1.1/../../../../avr/lib/avr5/crtm128.o
__data_load_start                                 c:/winavr/bin/../lib/gcc/avr/4.1.1/../../../../avr/lib/avr5/crtm128.o
__data_start                                      c:/winavr/bin/../lib/gcc/avr/4.1.1/../../../../avr/lib/avr5/crtm128.o
__do_clear_bss                                    c:/winavr/bin/../lib/gcc/avr/4.1.1/avr5\libgcc.a(_clear_bss.o)
                                                  uart.o
__do_copy_data                                    c:/winavr/bin/../lib/gcc/avr/4.1.1/../../../../avr/lib/avr5/crtm128.o
                                                  uart.o
__heap_end                                        c:/winavr/bin/../lib/gcc/avr/4.1.1/../../../../avr/lib/avr5/crtm128.o
__init                                            c:/winavr/bin/../lib/gcc/avr/4.1.1/../../../../avr/lib/avr5/crtm128.o
__stack                                           c:/winavr/bin/../lib/gcc/avr/4.1.1/../../../../avr/lib/avr5/crtm128.o
__udivmodqi4                                      c:/winavr/bin/../lib/gcc/avr/4.1.1/avr5\libgcc.a(_udivmodqi4.o)
                                                  uart.o
__vector_1                                        c:/winavr/bin/../lib/gcc/avr/4.1.1/../../../../avr/lib/avr5/crtm128.o
__vector_10                                       c:/winavr/bin/../lib/gcc/avr/4.1.1/../../../../avr/lib/avr5/crtm128.o
__vector_11                                       c:/winavr/bin/../lib/gcc/avr/4.1.1/../../../../avr/lib/avr5/crtm128.o
__vector_12                                       c:/winavr/bin/../lib/gcc/avr/4.1.1/../../../../avr/lib/avr5/crtm128.o
__vector_13                                       c:/winavr/bin/../lib/gcc/avr/4.1.1/../../../../avr/lib/avr5/crtm128.o
__vector_14                                       c:/winavr/bin/../lib/gcc/avr/4.1.1/../../../../avr/lib/avr5/crtm128.o
__vector_15                                       c:/winavr/bin/../lib/gcc/avr/4.1.1/../../../../avr/lib/avr5/crtm128.o
__vector_16                                       c:/winavr/bin/../lib/gcc/avr/4.1.1/../../../../avr/lib/avr5/crtm128.o
__vector_17                                       c:/winavr/bin/../lib/gcc/avr/4.1.1/../../../../avr/lib/avr5/crtm128.o
__vector_18                                       c:/winavr/bin/../lib/gcc/avr/4.1.1/../../../../avr/lib/avr5/crtm128.o
__vector_19                                       c:/winavr/bin/../lib/gcc/avr/4.1.1/../../../../avr/lib/avr5/crtm128.o
__vector_2                                        c:/winavr/bin/../lib/gcc/avr/4.1.1/../../../../avr/lib/avr5/crtm128.o
__vector_20                                       c:/winavr/bin/../lib/gcc/avr/4.1.1/../../../../avr/lib/avr5/crtm128.o
__vector_21                                       c:/winavr/bin/../lib/gcc/avr/4.1.1/../../../../avr/lib/avr5/crtm128.o
__vector_22                                       c:/winavr/bin/../lib/gcc/avr/4.1.1/../../../../avr/lib/avr5/crtm128.o
__vector_23                                       c:/winavr/bin/../lib/gcc/avr/4.1.1/../../../../avr/lib/avr5/crtm128.o
__vector_24                                       c:/winavr/bin/../lib/gcc/avr/4.1.1/../../../../avr/lib/avr5/crtm128.o
__vector_25                                       c:/winavr/bin/../lib/gcc/avr/4.1.1/../../../../avr/lib/avr5/crtm128.o
__vector_26                                       c:/winavr/bin/../lib/gcc/avr/4.1.1/../../../../avr/lib/avr5/crtm128.o
__vector_27                                       c:/winavr/bin/../lib/gcc/avr/4.1.1/../../../../avr/lib/avr5/crtm128.o
__vector_28                                       c:/winavr/bin/../lib/gcc/avr/4.1.1/../../../../avr/lib/avr5/crtm128.o
__vector_29                                       c:/winavr/bin/../lib/gcc/avr/4.1.1/../../../../avr/lib/avr5/crtm128.o
__vector_3                                        c:/winavr/bin/../lib/gcc/avr/4.1.1/../../../../avr/lib/avr5/crtm128.o
__vector_30                                       c:/winavr/bin/../lib/gcc/avr/4.1.1/../../../../avr/lib/avr5/crtm128.o
__vector_31                                       c:/winavr/bin/../lib/gcc/avr/4.1.1/../../../../avr/lib/avr5/crtm128.o
__vector_32                                       c:/winavr/bin/../lib/gcc/avr/4.1.1/../../../../avr/lib/avr5/crtm128.o
__vector_33                                       c:/winavr/bin/../lib/gcc/avr/4.1.1/../../../../avr/lib/avr5/crtm128.o
__vector_34                                       c:/winavr/bin/../lib/gcc/avr/4.1.1/../../../../avr/lib/avr5/crtm128.o
__vector_4                                        c:/winavr/bin/../lib/gcc/avr/4.1.1/../../../../avr/lib/avr5/crtm128.o
__vector_5                                        c:/winavr/bin/../lib/gcc/avr/4.1.1/../../../../avr/lib/avr5/crtm128.o
__vector_6                                        c:/winavr/bin/../lib/gcc/avr/4.1.1/../../../../avr/lib/avr5/crtm128.o
__vector_7                                        c:/winavr/bin/../lib/gcc/avr/4.1.1/../../../../avr/lib/avr5/crtm128.o
__vector_8                                        c:/winavr/bin/../lib/gcc/avr/4.1.1/../../../../avr/lib/avr5/crtm128.o
__vector_9                                        c:/winavr/bin/../lib/gcc/avr/4.1.1/../../../../avr/lib/avr5/crtm128.o
__vector_default                                  c:/winavr/bin/../lib/gcc/avr/4.1.1/../../../../avr/lib/avr5/crtm128.o
__vectors                                         c:/winavr/bin/../lib/gcc/avr/4.1.1/../../../../avr/lib/avr5/crtm128.o
main                                              uart.o
                                                  c:/winavr/bin/../lib/gcc/avr/4.1.1/../../../../avr/lib/avr5/crtm128.o
